// Jest Snapshot v1, https://goo.gl/fbAQLP

exports[`Fab should resemble the snapshot 1`] = `
ShallowWrapper {
  Symbol(enzyme.__root__): [Circular],
  Symbol(enzyme.__unrendered__): <Menu />,
  Symbol(enzyme.__renderer__): Object {
    "batchedUpdates": [Function],
    "getNode": [Function],
    "render": [Function],
    "simulateError": [Function],
    "simulateEvent": [Function],
    "unmount": [Function],
  },
  Symbol(enzyme.__node__): Object {
    "instance": null,
    "key": undefined,
    "nodeType": "host",
    "props": Object {
      "children": Array [
        <div
          className="menu-button"
          onClick={[Function]}
        />,
        <ul
          className=""
        >
          <span
            className="cross"
            onClick={[Function]}
          >
            <p>
              +
            </p>
          </span>
          <div>
            <NavLink
              activeClassName="active"
              aria-current="page"
              to="/"
            />
            <NavLink
              activeClassName="active"
              aria-current="page"
              to="/settings"
            />
            <NavLink
              activeClassName="active"
              aria-current="page"
              to="/faves"
            />
          </div>
        </ul>,
      ],
      "className": "menu",
    },
    "ref": null,
    "rendered": Array [
      Object {
        "instance": null,
        "key": undefined,
        "nodeType": "host",
        "props": Object {
          "className": "menu-button",
          "onClick": [Function],
        },
        "ref": null,
        "rendered": null,
        "type": "div",
      },
      Object {
        "instance": null,
        "key": undefined,
        "nodeType": "host",
        "props": Object {
          "children": Array [
            <span
              className="cross"
              onClick={[Function]}
            >
              <p>
                +
              </p>
            </span>,
            <div>
              <NavLink
                activeClassName="active"
                aria-current="page"
                to="/"
              />
              <NavLink
                activeClassName="active"
                aria-current="page"
                to="/settings"
              />
              <NavLink
                activeClassName="active"
                aria-current="page"
                to="/faves"
              />
            </div>,
          ],
          "className": "",
        },
        "ref": null,
        "rendered": Array [
          Object {
            "instance": null,
            "key": undefined,
            "nodeType": "host",
            "props": Object {
              "children": <p>
                +
              </p>,
              "className": "cross",
              "onClick": [Function],
            },
            "ref": null,
            "rendered": Object {
              "instance": null,
              "key": undefined,
              "nodeType": "host",
              "props": Object {
                "children": "+",
              },
              "ref": null,
              "rendered": "+",
              "type": "p",
            },
            "type": "span",
          },
          Object {
            "instance": null,
            "key": undefined,
            "nodeType": "host",
            "props": Object {
              "children": Array [
                <NavLink
                  activeClassName="active"
                  aria-current="page"
                  to="/"
                />,
                <NavLink
                  activeClassName="active"
                  aria-current="page"
                  to="/settings"
                />,
                <NavLink
                  activeClassName="active"
                  aria-current="page"
                  to="/faves"
                />,
              ],
            },
            "ref": null,
            "rendered": Array [
              Object {
                "instance": null,
                "key": undefined,
                "nodeType": "function",
                "props": Object {
                  "activeClassName": "active",
                  "aria-current": "page",
                  "to": "/",
                },
                "ref": null,
                "rendered": null,
                "type": [Function],
              },
              Object {
                "instance": null,
                "key": undefined,
                "nodeType": "function",
                "props": Object {
                  "activeClassName": "active",
                  "aria-current": "page",
                  "to": "/settings",
                },
                "ref": null,
                "rendered": null,
                "type": [Function],
              },
              Object {
                "instance": null,
                "key": undefined,
                "nodeType": "function",
                "props": Object {
                  "activeClassName": "active",
                  "aria-current": "page",
                  "to": "/faves",
                },
                "ref": null,
                "rendered": null,
                "type": [Function],
              },
            ],
            "type": "div",
          },
        ],
        "type": "ul",
      },
    ],
    "type": "div",
  },
  Symbol(enzyme.__nodes__): Array [
    Object {
      "instance": null,
      "key": undefined,
      "nodeType": "host",
      "props": Object {
        "children": Array [
          <div
            className="menu-button"
            onClick={[Function]}
          />,
          <ul
            className=""
          >
            <span
              className="cross"
              onClick={[Function]}
            >
              <p>
                +
              </p>
            </span>
            <div>
              <NavLink
                activeClassName="active"
                aria-current="page"
                to="/"
              />
              <NavLink
                activeClassName="active"
                aria-current="page"
                to="/settings"
              />
              <NavLink
                activeClassName="active"
                aria-current="page"
                to="/faves"
              />
            </div>
          </ul>,
        ],
        "className": "menu",
      },
      "ref": null,
      "rendered": Array [
        Object {
          "instance": null,
          "key": undefined,
          "nodeType": "host",
          "props": Object {
            "className": "menu-button",
            "onClick": [Function],
          },
          "ref": null,
          "rendered": null,
          "type": "div",
        },
        Object {
          "instance": null,
          "key": undefined,
          "nodeType": "host",
          "props": Object {
            "children": Array [
              <span
                className="cross"
                onClick={[Function]}
              >
                <p>
                  +
                </p>
              </span>,
              <div>
                <NavLink
                  activeClassName="active"
                  aria-current="page"
                  to="/"
                />
                <NavLink
                  activeClassName="active"
                  aria-current="page"
                  to="/settings"
                />
                <NavLink
                  activeClassName="active"
                  aria-current="page"
                  to="/faves"
                />
              </div>,
            ],
            "className": "",
          },
          "ref": null,
          "rendered": Array [
            Object {
              "instance": null,
              "key": undefined,
              "nodeType": "host",
              "props": Object {
                "children": <p>
                  +
                </p>,
                "className": "cross",
                "onClick": [Function],
              },
              "ref": null,
              "rendered": Object {
                "instance": null,
                "key": undefined,
                "nodeType": "host",
                "props": Object {
                  "children": "+",
                },
                "ref": null,
                "rendered": "+",
                "type": "p",
              },
              "type": "span",
            },
            Object {
              "instance": null,
              "key": undefined,
              "nodeType": "host",
              "props": Object {
                "children": Array [
                  <NavLink
                    activeClassName="active"
                    aria-current="page"
                    to="/"
                  />,
                  <NavLink
                    activeClassName="active"
                    aria-current="page"
                    to="/settings"
                  />,
                  <NavLink
                    activeClassName="active"
                    aria-current="page"
                    to="/faves"
                  />,
                ],
              },
              "ref": null,
              "rendered": Array [
                Object {
                  "instance": null,
                  "key": undefined,
                  "nodeType": "function",
                  "props": Object {
                    "activeClassName": "active",
                    "aria-current": "page",
                    "to": "/",
                  },
                  "ref": null,
                  "rendered": null,
                  "type": [Function],
                },
                Object {
                  "instance": null,
                  "key": undefined,
                  "nodeType": "function",
                  "props": Object {
                    "activeClassName": "active",
                    "aria-current": "page",
                    "to": "/settings",
                  },
                  "ref": null,
                  "rendered": null,
                  "type": [Function],
                },
                Object {
                  "instance": null,
                  "key": undefined,
                  "nodeType": "function",
                  "props": Object {
                    "activeClassName": "active",
                    "aria-current": "page",
                    "to": "/faves",
                  },
                  "ref": null,
                  "rendered": null,
                  "type": [Function],
                },
              ],
              "type": "div",
            },
          ],
          "type": "ul",
        },
      ],
      "type": "div",
    },
  ],
  Symbol(enzyme.__options__): Object {
    "adapter": ReactSixteenAdapter {
      "options": Object {
        "enableComponentDidUpdateOnSetState": true,
        "lifecycles": Object {
          "componentDidUpdate": Object {
            "onSetState": true,
          },
          "getDerivedStateFromProps": true,
          "getSnapshotBeforeUpdate": true,
          "setState": Object {
            "skipsComponentDidUpdateOnNullish": true,
          },
        },
      },
    },
  },
}
`;
